###########################################################
####               ICTC Regression Report              ####
###########################################################
Total testcase run: 111
Passed            : 76
Failed            : 35
Unknown           : 35
Used time         : 11m 38s
-----------------------------------------------------------
Run log detail:
log/disable_parity_error_test_929862.log: => Failed
log/full_5_even_1_test_837505.log: => Failed
log/full_5_even_2_test_151007.log: => Failed
log/full_5_odd_1_test_102615.log: => Failed
log/full_5_odd_2_test_560533.log: => Failed
log/full_6_even_1_test_204873.log: => Failed
log/full_6_even_2_test_627917.log: => Failed
log/full_6_odd_1_test_424161.log: => Failed
log/full_6_odd_2_test_254762.log: => Failed
log/full_7_even_1_test_973088.log: => Failed
log/full_7_even_2_test_286662.log: => Failed
log/full_7_odd_1_test_423132.log: => Failed
log/full_7_odd_2_test_217677.log: => Failed
log/full_8_even_1_test_825188.log: => Failed
log/full_8_even_2_test_186078.log: => Failed
log/full_8_odd_1_test_970035.log: => Failed
log/full_8_odd_2_test_162267.log: => Failed
log/parity_error_test_375344.log: => Failed
log/parity_missmatch_test_197296.log: => Failed
log/trans_5_even_1_test_190940.log: => Failed
log/trans_5_even_2_test_470067.log: => Failed
log/trans_5_odd_1_test_263391.log: => Failed
log/trans_5_odd_2_test_322482.log: => Failed
log/trans_6_even_1_test_297746.log: => Failed
log/trans_6_even_2_test_161988.log: => Failed
log/trans_6_odd_1_test_914586.log: => Failed
log/trans_6_odd_2_test_438965.log: => Failed
log/trans_7_even_1_test_427739.log: => Failed
log/trans_7_even_2_test_223267.log: => Failed
log/trans_7_odd_1_test_268363.log: => Failed
log/trans_7_odd_2_test_360963.log: => Failed
log/trans_8_even_1_test_872188.log: => Failed
log/trans_8_even_2_test_734650.log: => Failed
log/trans_8_odd_1_test_622737.log: => Failed
log/trans_8_odd_2_test_719211.log: => Failed
log/baudrate_missmatch_test_296825.log: => Passed
log/data_width_missmatch_test_721948.log: => Passed
log/disable_rx_fifo_empty_status_test_347894.log: => Passed
log/disable_rx_fifo_full_status_test_503584.log: => Passed
log/disable_tx_fifo_empty_status_test_540707.log: => Passed
log/disable_tx_fifo_full_status_test_609140.log: => Passed
log/dynamic_full_test_956787.log: => Passed
log/dynamic_receive_test_227910.log: => Passed
log/dynamic_trans_test_351723.log: => Passed
log/full_5_none_1_test_599035.log: => Passed
log/full_5_none_2_test_804562.log: => Passed
log/full_6_none_1_test_689584.log: => Passed
log/full_6_none_2_test_799410.log: => Passed
log/full_7_none_1_test_647884.log: => Passed
log/full_7_none_2_test_564162.log: => Passed
log/full_8_none_1_test_120592.log: => Passed
log/full_8_none_2_test_666830.log: => Passed
log/read_write_1_clear_test_167296.log: => Passed
log/read_write_value_test_134654.log: => Passed
log/receive_5_even_1_test_559983.log: => Passed
log/receive_5_even_2_test_257511.log: => Passed
log/receive_5_none_1_test_361937.log: => Passed
log/receive_5_none_2_test_484181.log: => Passed
log/receive_5_odd_1_test_521417.log: => Passed
log/receive_5_odd_2_test_572097.log: => Passed
log/receive_6_even_1_test_511093.log: => Passed
log/receive_6_even_2_test_135834.log: => Passed
log/receive_6_none_1_test_193709.log: => Passed
log/receive_6_none_2_test_243082.log: => Passed
log/receive_6_odd_1_test_454213.log: => Passed
log/receive_6_odd_2_test_518144.log: => Passed
log/receive_7_even_1_test_715203.log: => Passed
log/receive_7_even_2_test_912208.log: => Passed
log/receive_7_none_1_test_712023.log: => Passed
log/receive_7_none_2_test_168250.log: => Passed
log/receive_7_odd_1_test_909467.log: => Passed
log/receive_7_odd_2_test_155594.log: => Passed
log/receive_8_even_1_test_816006.log: => Passed
log/receive_8_even_2_test_484996.log: => Passed
log/receive_8_none_1_test_433817.log: => Passed
log/receive_8_none_2_test_714948.log: => Passed
log/receive_8_odd_1_test_351496.log: => Passed
log/receive_8_odd_2_test_762644.log: => Passed
log/reserved_region_value_test_522587.log: => Passed
log/rx_fifo_empty_status_test_206333.log: => Passed
log/rx_fifo_full_status_test_326279.log: => Passed
log/s13x_115200_test_812438.log: => Passed
log/s13x_19200_test_509612.log: => Passed
log/s13x_2400_test_809980.log: => Passed
log/s13x_38400_test_678933.log: => Passed
log/s13x_4800_test_251901.log: => Passed
log/s13x_76800_test_413904.log: => Passed
log/s13x_9600_test_155631.log: => Passed
log/s13x_custom_baudrate_test_881545.log: => Passed
log/s16x_115200_test_638346.log: => Passed
log/s16x_19200_test_260490.log: => Passed
log/s16x_2400_test_787343.log: => Passed
log/s16x_38400_test_410302.log: => Passed
log/s16x_4800_test_733238.log: => Passed
log/s16x_76800_test_866496.log: => Passed
log/s16x_9600_test_440205.log: => Passed
log/s16x_custom_baudrate_test_177870.log: => Passed
log/stop_width_missmatch_test_285558.log: => Passed
log/trans_5_none_1_test_466127.log: => Passed
log/trans_5_none_2_test_777017.log: => Passed
log/trans_6_none_1_test_338098.log: => Passed
log/trans_6_none_2_test_155197.log: => Passed
log/trans_7_none_1_test_225515.log: => Passed
log/trans_7_none_2_test_439480.log: => Passed
log/trans_8_none_1_test_178925.log: => Passed
log/trans_8_none_2_test_701781.log: => Passed
log/tx_fifo_empty_status_test_186840.log: => Passed
log/tx_fifo_full_status_test_491270.log: => Passed
log/uart_reg_scan_test_175364.log: => Passed
log/write_when_tx_fifo_full_test_1.log: => Passed
log/write_when_tx_fifo_full_test_951912.log: => Passed
-----------------------------------------------------------
